main.c:114:5:main	8	static
main.c:170:6:SystemClock_Config	232	static
main.c:233:13:MX_ADC1_Init	48	static
main.c:313:13:MX_TIM1_Init	112	static
main.c:394:13:MX_TIM2_Init	40	static
main.c:439:13:MX_TIM3_Init	40	static
main.c:484:13:MX_USART2_UART_Init	8	static
main.c:517:13:MX_DMA_Init	16	static
main.c:535:13:MX_GPIO_Init	48	static
main.c:564:6:Set_Duty_Cycle	16	static
main.c:577:6:HAL_TIM_PeriodElapsedCallback	16	static
main.c:592:6:HAL_ADC_ConvCpltCallback	16	static
main.c:597:6:SetVout	24	static
main.c:602:6:SetI	24	static
main.c:607:6:Set_Duty	16	static
main.c:612:6:RegulateCV	8	static
main.c:624:6:RegulateCC	8	static
main.c:648:6:Error_Handler	4	static
