main.c:136:5:main	8	static
main.c:198:6:SystemClock_Config	232	static
main.c:261:13:MX_ADC1_Init	48	static
main.c:341:13:MX_TIM1_Init	112	static
main.c:422:13:MX_TIM2_Init	40	static
main.c:467:13:MX_USART2_UART_Init	8	static
main.c:500:13:MX_DMA_Init	16	static
main.c:518:13:MX_GPIO_Init	48	static
main.c:548:6:Set_Duty_Cycle	8	static
main.c:558:6:HAL_TIM_PeriodElapsedCallback	16	static
main.c:563:6:HAL_ADC_ConvCpltCallback	16	static
main.c:585:6:SetVout	24	static
main.c:591:6:SetI	24	static
main.c:597:6:Set_Duty_OL	16	static
main.c:603:6:RegulateCV	8	static
main.c:632:6:RegulateCC	8	static
main.c:682:6:Error_Handler	4	static
