16:32:35 **** Incremental Build of configuration Debug for project Projet_inter_Buck_Equipe1_Nucleo ****
make -j8 all 
arm-none-eabi-gcc "../Core/Src/main.c" -mcpu=cortex-m4 -std=gnu11 -g3 -DUSE_HAL_DRIVER -DSTM32L476xx -DDEBUG -c -I../Core/Inc -I../Drivers/STM32L4xx_HAL_Driver/Inc -I../Drivers/STM32L4xx_HAL_Driver/Inc/Legacy -I../Drivers/CMSIS/Device/ST/STM32L4xx/Include -I../Drivers/CMSIS/Include -O0 -ffunction-sections -fdata-sections -Wall -fstack-usage -MMD -MP -MF"Core/Src/main.d" -MT"Core/Src/main.o" --specs=nano.specs -mfpu=fpv4-sp-d16 -mfloat-abi=hard -mthumb -o "Core/Src/main.o"
arm-none-eabi-g++ -o "Projet_inter_Buck_Equipe1_Nucleo.elf" @"objects.list"   -mcpu=cortex-m4 -T"C:\Users\jeant\STM32CubeIDE\workspace_1.4.0\Projet_inter\Projet_inter_Equipe1\Buck\Software\Projet_inter_Buck_Equipe1_Nucleo\STM32L476RGTX_FLASH.ld" --specs=nosys.specs -Wl,-Map="Projet_inter_Buck_Equipe1_Nucleo.map" -Wl,--gc-sections -static --specs=nano.specs -mfpu=fpv4-sp-d16 -mfloat-abi=hard -mthumb -Wl,--start-group -lc -lm -lstdc++ -lsupc++ -Wl,--end-group
Finished building target: Projet_inter_Buck_Equipe1_Nucleo.elf
 
arm-none-eabi-objdump -h -S  Projet_inter_Buck_Equipe1_Nucleo.elf  > "Projet_inter_Buck_Equipe1_Nucleo.list"
arm-none-eabi-objcopy  -O binary  Projet_inter_Buck_Equipe1_Nucleo.elf  "Projet_inter_Buck_Equipe1_Nucleo.bin"
arm-none-eabi-size   Projet_inter_Buck_Equipe1_Nucleo.elf 
   text	   data	    bss	    dec	    hex	filename
  25692	     20	   2052	  27764	   6c74	Projet_inter_Buck_Equipe1_Nucleo.elf
Finished building: default.size.stdout
Finished building: Projet_inter_Buck_Equipe1_Nucleo.bin
 
 
Finished building: Projet_inter_Buck_Equipe1_Nucleo.list
 
16:32:41 **** Incremental Build of configuration Debug for project Projet_inter_Buck_Equipe1_Nucleo ****
make -j8 all 
arm-none-eabi-size   Projet_inter_Buck_Equipe1_Nucleo.elf 
   text	   data	    bss	    dec	    hex	filename
  25692	     20	   2052	  27764	   6c74	Projet_inter_Buck_Equipe1_Nucleo.elf
Finished building: default.size.stdout
 
