main.c:108:5:main	8	static
main.c:160:6:SystemClock_Config	232	static
main.c:223:13:MX_ADC1_Init	48	static
main.c:287:13:MX_TIM1_Init	112	static
main.c:368:13:MX_TIM2_Init	40	static
main.c:413:13:MX_TIM3_Init	40	static
main.c:458:13:MX_USART2_UART_Init	8	static
main.c:493:13:MX_GPIO_Init	48	static
main.c:522:6:Set_Duty_Cycle	16	static
main.c:535:6:HAL_TIM_PeriodElapsedCallback	16	static
main.c:547:6:SetVout	24	static
main.c:552:6:SetI	24	static
main.c:557:6:Set_Duty	16	static
main.c:562:6:RegulateCV	8	static
main.c:574:6:RegulateCC	8	static
main.c:598:6:Error_Handler	4	static
